================================================================================
Unity StringTable 厳格構造検証結果 v2.0
================================================================================
総行数: 530,425
string data行数: 169,712

エラー: 9件
警告: 8件

================================================================================
エラー一覧:
================================================================================

QUOTE_COUNT_MISMATCH: 9件
  Line 113736: クォート数不一致: ソース=3, ターゲット=2
    SRC: 1 string data = " I'll start packing up now. I"ll see you back at your headquart
    TGT: 1 string data = " 今から荷造りを始めるよ。終わったら君たちの本部で会おう。"
  Line 134258: クォート数不一致: ソース=3, ターゲット=4
    SRC: 1 string data = ""I don't have anything else for you"
    TGT: 1 string data = ""他に何もありません""
  Line 336548: クォート数不一致: ソース=3, ターゲット=4
    SRC: 1 string data = ""For instance! Explore the higher mountains, and you might glim
    TGT: 1 string data = ""例えばだ! 高い山を探索すれば、機械式マスクと呼吸タンクを身につけて山頂を歩き回る部族を垣間見ることができるかもしれない。ま
  Line 350412: クォート数不一致: ソース=3, ターゲット=4
    SRC: 1 string data = ""THE LAMB - ... you do? Huh. Interesting. Could you put the pas
    TGT: 1 string data = ""THE LAMB - …持ってるのか? へえ。面白い。パスをチューブに入れてくれるか?""
  Line 360082: クォート数不一致: ソース=3, ターゲット=4
    SRC: 1 string data = ""Hey, birdie. How you doing?"
    TGT: 1 string data = ""やあ、鳥さん。調子はどうだ?""
  Line 360170: クォート数不一致: ソース=3, ターゲット=4
    SRC: 1 string data = ""Let's talk about panther you've got there."
    TGT: 1 string data = ""そこにいる黒豹について話そう。""
  Line 360188: クォート数不一致: ソース=3, ターゲット=4
    SRC: 1 string data = ""Let's talk about panther you've got there."
    TGT: 1 string data = ""そこにいる黒豹について話そう。""
  Line 360212: クォート数不一致: ソース=3, ターゲット=4
    SRC: 1 string data = ""What do you know about this place?"
    TGT: 1 string data = ""この場所について何を知っている?""
  Line 360254: クォート数不一致: ソース=3, ターゲット=4
    SRC: 1 string data = ""Hey, birdie. How you doing?"
    TGT: 1 string data = ""やあ、鳥さん。調子はどうだ?""

================================================================================
警告一覧:
================================================================================

HTML_TAG_MISSING: 8件
  Line 126664: HTMLタグが欠けている: <i>
    SRC: 1 string data = " Set quest complete vars. <i>NOTE</i> doesn't actually set the 
    TGT: 1 string data = ""
  Line 126664: HTMLタグが欠けている: </i>
    SRC: 1 string data = " Set quest complete vars. <i>NOTE</i> doesn't actually set the 
    TGT: 1 string data = ""
  Line 136472: HTMLタグが欠けている: <i>
    SRC: 1 string data = ""Oh. Well... you've already done a great deal for us."\n\n\n"If
    TGT: 1 string data = ""ああ。まあ...もう十分やってくれた。"\n\n\n"もし我々を助けられる技術マニュアルを見つけたら、Air Force A
  Line 136472: HTMLタグが欠けている: </i>
    SRC: 1 string data = ""Oh. Well... you've already done a great deal for us."\n\n\n"If
    TGT: 1 string data = ""ああ。まあ...もう十分やってくれた。"\n\n\n"もし我々を助けられる技術マニュアルを見つけたら、Air Force A
  Line 136552: HTMLタグが欠けている: <i>
    SRC: 1 string data = ""Understood. Take your time. If you decide you <i>are</i> willi
    TGT: 1 string data = ""了解した。時間をかけてくれ。手伝う気になったら、ここにいるよ。""
  Line 136552: HTMLタグが欠けている: </i>
    SRC: 1 string data = ""Understood. Take your time. If you decide you <i>are</i> willi
    TGT: 1 string data = ""了解した。時間をかけてくれ。手伝う気になったら、ここにいるよ。""
  Line 212272: HTMLタグが欠けている: <<ERROR: CONTROL AI NOT FOUND - - - - REVERTING TO AUTOMATED ROUTINES>
    SRC: 1 string data = ""<<ERROR: CONTROL AI NOT FOUND - - - - REVERTING TO AUTOMATED R
    TGT: 1 string data = ""<<エラー: 制御AIが見つかりません - - - - 自動ルーチンに復帰します>>""
  Line 212288: HTMLタグが欠けている: <<TARGETING>
    SRC: 1 string data = ""<<TARGETING>>""
    TGT: 1 string data = ""<<照準中>>""
================================================================================
